[bep20lottery.com/index.html]
[backblue.gif]
[fade.gif]
[index.html]
[bep20lottery.com/feed/index.html]
[bep20lottery.com/comments/feed/index.html]
[bep20lottery.com/wp-json/wp/v2/pages/38.json]
[bep20lottery.com/wp-json/index.html]
[bep20lottery.com/xmlrpc0db0.php]
[bep20lottery.com/wp-includes/wlwmanifest.xml]
[bep20lottery.com/wp-json/oembed/1.0/embed41ba.json]
[bep20lottery.com/wp-json/oembed/1.0/embedbcd2]
[bep20lottery.com/wp-content/uploads/2021/06/cropped-bep20lottery-1-32x32.png]
[bep20lottery.com/wp-content/uploads/2021/06/cropped-bep20lottery-1-192x192.png]
[bep20lottery.com/wp-content/uploads/2021/06/cropped-bep20lottery-1-180x180.png]
[bep20lottery.com/wp-content/uploads/2021/06/cropped-bep20lottery.png]
[bep20lottery.com/blog/index.html]
[cdn.jsdelivr.net/npm/web3@latest/dist/web3.min.js]
[bep20lottery.com/wp-content/themes/twentytwentyone/assets/js/polyfills4e44.js]
[bep20lottery.com/wp-content/themes/twentytwentyone/assets/js/primary-navigation4e44.js]
[bep20lottery.com/wp-content/themes/twentytwentyone/assets/js/responsive-embeds4e44.js]
[bep20lottery.com/wp-includes/js/wp-embed.min9f31.js]
[bep20lottery.com/index.html]
[bep20lottery.com/wp-includes/css/dist/block-library/style.min9f31.css]
[bep20lottery.com/wp-includes/css/dist/block-library/theme.min9f31.css]
[bep20lottery.com/wp-content/themes/twentytwentyone/style4e44.css]
[bep20lottery.com/първата-binance-smart-chain-лотария/index.html]
[bep20lottery.com/wp-content/themes/twentytwentyone/assets/css/print4e44.css]
[bep20lottery.com/how-bep-20-lottery-works-2021-06-05/index.html]
[bep20lottery.com/wp-content/themes/twentytwentyone/assets/css/style-dark-mode4e44.css]
[bep20lottery.com/blog/index.html]
[bep20lottery.com/the-first-binance-smart-chain-lottery/index.html]
[bep20lottery.com/първата-binance-smart-chain-лотария/index.html]
[bep20lottery.com/contacts/index.html]
[bep20lottery.com/category/uncategorized/index.html]
[bep20lottery.com/Trident/index.html]
[bep20lottery.com/blog/Trident/index.html]
[bep20lottery.com/how-bep-20-lottery-works-2021-06-05/feed/index.html]
[bep20lottery.com/wp-json/wp/v2/posts/46.json]
[bep20lottery.com/wp-json/oembed/1.0/embed25ce.json]
[bep20lottery.com/wp-json/oembed/1.0/embedcde7]
[bep20lottery.com/wp-includes/js/comment-reply.min9f31.js]
[bep20lottery.com/how-bep-20-lottery-works-2021-06-05/index.html]
[bep20lottery.com/wp-json/wp/v2/posts/44.json]
[bep20lottery.com/wp-json/oembed/1.0/embedc7ec.json]
[bep20lottery.com/author/danielng01/index.html]
[bep20lottery.com/wp-json/oembed/1.0/embed1685]
[bep20lottery.com/the-first-binance-smart-chain-lottery/index.html]
[bep20lottery.com/how-bep-20-lottery-works-2021-06-05/Trident/index.html]
[bep20lottery.com/wp-json/wp/v2/posts/35.json]
[bep20lottery.com/the-first-binance-smart-chain-lottery/feed/index.html]
[bep20lottery.com/wp-json/oembed/1.0/embed11ba.json]
[bep20lottery.com/wp-json/oembed/1.0/embed307f]
[bep20lottery.com/contacts/index.html]
[bep20lottery.com/Trident/index.html]
[bep20lottery.com/the-first-binance-smart-chain-lottery/Trident/index.html]
[bep20lottery.com/contacts/feed/index.html]
[bep20lottery.com/contacts/Trident/index.html]
[bep20lottery.com/category/uncategorized/feed/index.html]
[bep20lottery.com/wp-json/wp/v2/categories/1.json]
[bep20lottery.com/category/uncategorized/index.html]
[bep20lottery.com/blog/Trident/index.html]
[bep20lottery.com/index7ea6.html]
[bep20lottery.com/xmlrpc.php]
[bep20lottery.com/category/uncategorized/Trident/index.html]
[bep20lottery.com/wp-json/wp/v2/users/1.json]
[bep20lottery.com/author/danielng01/index.html]
[bep20lottery.com/how-bep-20-lottery-works-2021-06-05/Trident/index.html]
[bep20lottery.com/index49b1.html]
[bep20lottery.com/the-first-binance-smart-chain-lottery/Trident/index.html]
[bep20lottery.com/index5c90.html]
[bep20lottery.com/contacts/Trident/index.html]
[bep20lottery.com/category/uncategorized/Trident/index.html]
[bep20lottery.com/author/danielng01/feed/index.html]
[bep20lottery.com/author/danielng01/Trident/index.html]
[bep20lottery.com/author/danielng01/Trident/index.html]
